// Jest Snapshot v1, https://goo.gl/fbAQLP

exports[`JobsList Should render correctly 1`] = `
<div
  className="bg-white px-10 py-10"
>
  <h2
    className="mb-4 font-sans text-3xl font-bold tracking-tight text-gray-900 sm:text-4xl sm:leading-none py-10 e text-center"
  >
    React Jobs
  </h2>
</div>
`;
