// Jest Snapshot v1, https://goo.gl/fbAQLP

exports[`JobDetailsForm Should render correctly 1`] = `
<div
  className="relative"
>
  <img
    alt=""
    className="absolute inset-0 object-cover w-full h-full"
    src="https://images.pexels.com/photos/3228766/pexels-photo-3228766.jpeg?auto=compress&cs=tinysrgb&dpr=2&h=750&w=1260"
  />
  <div
    className="relative bg-opacity-75 bg-deep-purple-accent-700"
  >
    <svg
      className="absolute inset-x-0 bottom-0 text-white"
      viewBox="0 0 1160 163"
    >
      <path
        d="M-164 13L-104 39.7C-44 66 76 120 196 141C316 162 436 152 556 119.7C676 88 796 34 916 13C1036 -8 1156 2 1216 7.7L1276 13V162.5H1216C1156 162.5 1036 162.5 916 162.5C796 162.5 676 162.5 556 162.5C436 162.5 316 162.5 196 162.5C76 162.5 -44 162.5 -104 162.5H-164V13Z"
        fill="currentColor"
      />
    </svg>
    <div
      className="relative px-4 py-16 mx-auto overflow-hidden sm:max-w-xl md:max-w-full lg:max-w-screen-xl md:px-24 lg:px-8 lg:py-20"
    >
      <div
        className="flex flex-col items-center justify-between xl:flex-row"
      >
        <div
          className="w-full max-w-xl mb-12 xl:mb-0 xl:pr-10 xl:w-4/12"
        >
          <h2
            className="max-w-lg mb-6 font-sans text-3xl font-bold tracking-tight text-white sm:text-4xl sm:leading-none"
          >
            Join the world's
            <br
              className="hidden md:block"
            />
            work marketplace
          </h2>
          <p
            className="max-w-xl mb-4 text-base text-gray-200 md:text-lg"
          >
            Find great talent. Build your business.
            <br />
            Take your career to the next level.
          </p>
          <a
            aria-label=""
            className="inline-flex items-center font-semibold tracking-wider transition-colors duration-200 text-teal-accent-400 hover:text-teal-accent-700"
            href="/"
          >
            Learn more
            <svg
              className="inline-block w-3 ml-2"
              fill="currentColor"
              viewBox="0 0 12 12"
            >
              <path
                d="M9.707,5.293l-5-5A1,1,0,0,0,3.293,1.707L7.586,6,3.293,10.293a1,1,0,1,0,1.414,1.414l5-5A1,1,0,0,0,9.707,5.293Z"
              />
            </svg>
          </a>
        </div>
        <div
          className="w-full max-w-xl xl:px-8 xl:w-10/12"
        >
          <div
            className="bg-white rounded shadow-2xl p-7 sm:p-10"
          >
            <h3
              className="mb-4 text-xl font-semibold sm:text-center sm:mb-6 sm:text-2xl"
            >
              Please provide the "Job details"
            </h3>
            <form
              onSubmit={[Function]}
            >
              <div
                className="mb-1 sm:mb-2"
              >
                <label
                  className="inline-block mb-1 font-medium"
                  htmlFor="jobDetails"
                >
                  Job Description
                </label>
                <textarea
                  className="flex-grow w-full h-16 px-4 py-3 mb-2 transition duration-200 bg-white border border-gray-300 rounded shadow-sm appearance-none focus:border-deep-purple-accent-400 focus:outline-none focus:shadow-outline"
                  id="jobDetails"
                  name="jobDetails"
                  onBlur={[Function]}
                  onChange={[Function]}
                  placeholder="some job details "
                  required={true}
                  rows="8"
                  type="text"
                />
              </div>
              <div
                className="mb-1 sm:mb-2"
              >
                <label
                  className="inline-block mb-1 font-medium"
                  htmlFor="requirement"
                >
                  Requirement
                </label>
                <textarea
                  className="flex-grow w-full h-16 px-4 py-3 mb-2 transition duration-200 bg-white border border-gray-300 rounded shadow-sm appearance-none focus:border-deep-purple-accent-400 focus:outline-none focus:shadow-outline"
                  id="requirement"
                  name="requirement"
                  onBlur={[Function]}
                  onChange={[Function]}
                  placeholder="Job requirement"
                  required={true}
                  type="text"
                />
              </div>
              <div
                className="mb-1 sm:mb-2"
              >
                <label
                  className="inline-block mb-1 font-medium"
                  htmlFor="name"
                >
                  Name
                </label>
                <input
                  className="flex-grow w-full h-12 px-4 mb-2 transition duration-200 bg-white border border-gray-300 rounded shadow-sm appearance-none focus:border-deep-purple-accent-400 focus:outline-none focus:shadow-outline"
                  id="name"
                  name="name"
                  onBlur={[Function]}
                  onChange={[Function]}
                  placeholder="john.doe"
                  required={true}
                  type="text"
                />
              </div>
              <div
                className="mb-1 sm:mb-2"
              >
                <label
                  className="inline-block mb-1 font-medium"
                  htmlFor="contact"
                >
                  Phone Number
                </label>
                <input
                  className="flex-grow w-full h-12 px-4 mb-2 transition duration-200 bg-white border border-gray-300 rounded shadow-sm appearance-none focus:border-deep-purple-accent-400 focus:outline-none focus:shadow-outline"
                  id="contact"
                  name="contact"
                  onBlur={[Function]}
                  onChange={[Function]}
                  placeholder="+12246598896"
                  required={true}
                  type="text"
                />
              </div>
              <div
                className="mb-1 sm:mb-2"
              >
                <label
                  className="inline-block mb-1 font-medium"
                  htmlFor="date"
                >
                  Expiration Date
                </label>
                <input
                  className="flex-grow w-full h-12 px-4 mb-2 transition duration-200 bg-white border border-gray-300 rounded shadow-sm appearance-none focus:border-deep-purple-accent-400 focus:outline-none focus:shadow-outline"
                  id="date"
                  max="2028-11-01T00:00"
                  min="2021-05-14T00:00"
                  name="endDate"
                  onBlur={[Function]}
                  onChange={[Function]}
                  placeholder="+12246598896"
                  required={true}
                  type="datetime-local"
                />
              </div>
              <div
                className="mt-4 mb-2 sm:mb-4"
              >
                <button
                  className="inline-flex items-center justify-center w-full h-12 px-6 font-medium tracking-wide text-white transition duration-200 rounded shadow-md bg-deep-purple-accent-400 hover:bg-deep-purple-accent-700 focus:shadow-outline focus:outline-none"
                  type="submit"
                >
                  submit
                </button>
              </div>
              <p
                className="text-xs text-gray-600 sm:text-sm"
              >
                We respect your privacy.
              </p>
            </form>
          </div>
        </div>
      </div>
    </div>
  </div>
</div>
`;
