// Jest Snapshot v1, https://goo.gl/fbAQLP

exports[`ActiveJobs Should render correctly 1`] = `
<div
  className="bg-white"
>
  <h2
    className="mb-4 font-sans text-3xl font-bold tracking-tight text-gray-900 sm:text-4xl sm:leading-none py-10 e text-center"
  >
    Trending Jobs
  </h2>
  <div
    className="bg-gray-100"
  >
    <div
      className="relative px-4 py-16 mx-auto sm:max-w-xl md:max-w-full lg:max-w-screen-xl md:px-24 lg:px-8 lg:py-20"
    >
      <div
        className="absolute inset-x-0 top-0 items-center justify-center hidden overflow-hidden md:flex md:inset-y-0"
      >
        <svg
          className="w-full max-w-screen-xl text-indigo-100"
          viewBox="0 0 88 88"
        >
          <circle
            cx="44"
            cy="44"
            fill="currentColor"
            r="15.5"
          />
          <circle
            cx="44"
            cy="44"
            fill="currentColor"
            fillOpacity="0.2"
            r="44"
          />
          <circle
            cx="44"
            cy="44"
            fill="currentColor"
            fillOpacity="0.2"
            r="37.5"
          />
          <circle
            cx="44"
            cy="44"
            fill="currentColor"
            fillOpacity="0.3"
            r="29.5"
          />
          <circle
            cx="44"
            cy="44"
            fill="currentColor"
            fillOpacity="0.3"
            r="22.5"
          />
        </svg>
      </div>
      <div
        className="relative grid gap-5 sm:grid-cols-2 lg:grid-cols-5"
      />
    </div>
  </div>
</div>
`;
