// Jest Snapshot v1, https://goo.gl/fbAQLP

exports[`JobBidForm Should render correctly 1`] = `
<div
  className="JobBidForm"
>
  JobBidForm
</div>
`;
